export const snapshot = {};

snapshot[`Root help > should display help text to stderr when passing no arguments or flags 1`] = `
'
  Usage:   hello-gen
  Version: 1.0.0    

  Description:

    A toolkit for all your backend development needs.

  Options:

    -V, --version              - Print version information.                                                                                        
    -h, --help                 - Print help information.                                                                                           
    -l, --log-level  <level>   - Set log level.                                         (Default: "info", Values: "debug", "info", "warn", "error")
    -f, --format     <format>  - Set the format for printing command output resources.  (Default: "json", Values: "json")                          

  Commands:

    graphql  - GraphQL Generation functionality using an input schema

  Environment variables:

    HELLO_GEN_LOG_LEVEL  <level>   - Set log level.                                       
    HELLO_GEN_FORMAT     <format>  - Set the format for printing command output resources.
'
`;

snapshot[`Root help > should display help text to stderr when passing the '--help' flag 1`] = `
'
  Usage:   hello-gen
  Version: 1.0.0    

  Description:

    A toolkit for all your backend development needs.

  Options:

    -V, --version              - Print version information.                                                                                        
    -h, --help                 - Print help information.                                                                                           
    -l, --log-level  <level>   - Set log level.                                         (Default: "info", Values: "debug", "info", "warn", "error")
    -f, --format     <format>  - Set the format for printing command output resources.  (Default: "json", Values: "json")                          

  Commands:

    graphql  - GraphQL Generation functionality using an input schema

  Environment variables:

    HELLO_GEN_LOG_LEVEL  <level>   - Set log level.                                       
    HELLO_GEN_FORMAT     <format>  - Set the format for printing command output resources.
'
`;

snapshot[`Root help > should display help text to stderr when passing the '-h' flag 1`] = `
'
  Usage:   hello-gen
  Version: 1.0.0    

  Description:

    A toolkit for all your backend development needs.

  Options:

    -V, --version              - Print version information.                                                                                        
    -h, --help                 - Print help information.                                                                                           
    -l, --log-level  <level>   - Set log level.                                         (Default: "info", Values: "debug", "info", "warn", "error")
    -f, --format     <format>  - Set the format for printing command output resources.  (Default: "json", Values: "json")                          

  Commands:

    graphql  - GraphQL Generation functionality using an input schema

  Environment variables:

    HELLO_GEN_LOG_LEVEL  <level>   - Set log level.                                       
    HELLO_GEN_FORMAT     <format>  - Set the format for printing command output resources.
'
`;
